// Jest Snapshot v1, https://goo.gl/fbAQLP

exports[`Test sobre el componentes <GifGridItem /> Debe mostrar el componente correctamente 1`] = `
<div
  className="card animate__animated animate__fadeIn"
>
  <img
    alt="Un título"
    src="http://localhost"
  />
  <p>
    Un título
  </p>
</div>
`;
